###############################################################################
#
# IAR ELF Linker V7.70.2.11706/W32 for ARM                21/Jul/2018  19:32:08
# Copyright 2007-2016 IAR Systems AB.
#
#    Output file  =  E:\PX5\new\PX5\EWARM\PX5\Exe\PX5.out
#    Map file     =  E:\PX5\new\PX5\EWARM\PX5\List\PX5.map
#    Command line =  
#        E:\PX5\new\PX5\EWARM\PX5\Obj\main.o
#        E:\PX5\new\PX5\EWARM\PX5\Obj\startup_stm32f070xb.o
#        E:\PX5\new\PX5\EWARM\PX5\Obj\stm32f0xx_hal.o
#        E:\PX5\new\PX5\EWARM\PX5\Obj\stm32f0xx_hal_cortex.o
#        E:\PX5\new\PX5\EWARM\PX5\Obj\stm32f0xx_hal_dma.o
#        E:\PX5\new\PX5\EWARM\PX5\Obj\stm32f0xx_hal_flash.o
#        E:\PX5\new\PX5\EWARM\PX5\Obj\stm32f0xx_hal_flash_ex.o
#        E:\PX5\new\PX5\EWARM\PX5\Obj\stm32f0xx_hal_gpio.o
#        E:\PX5\new\PX5\EWARM\PX5\Obj\stm32f0xx_hal_i2c.o
#        E:\PX5\new\PX5\EWARM\PX5\Obj\stm32f0xx_hal_i2c_ex.o
#        E:\PX5\new\PX5\EWARM\PX5\Obj\stm32f0xx_hal_msp.o
#        E:\PX5\new\PX5\EWARM\PX5\Obj\stm32f0xx_hal_pwr.o
#        E:\PX5\new\PX5\EWARM\PX5\Obj\stm32f0xx_hal_pwr_ex.o
#        E:\PX5\new\PX5\EWARM\PX5\Obj\stm32f0xx_hal_rcc.o
#        E:\PX5\new\PX5\EWARM\PX5\Obj\stm32f0xx_hal_rcc_ex.o
#        E:\PX5\new\PX5\EWARM\PX5\Obj\stm32f0xx_hal_tim.o
#        E:\PX5\new\PX5\EWARM\PX5\Obj\stm32f0xx_hal_tim_ex.o
#        E:\PX5\new\PX5\EWARM\PX5\Obj\stm32f0xx_hal_uart.o
#        E:\PX5\new\PX5\EWARM\PX5\Obj\stm32f0xx_hal_uart_ex.o
#        E:\PX5\new\PX5\EWARM\PX5\Obj\stm32f0xx_it.o
#        E:\PX5\new\PX5\EWARM\PX5\Obj\system_stm32f0xx.o --redirect
#        _Printf=_PrintfFull --redirect _Scanf=_ScanfFull -o
#        E:\PX5\new\PX5\EWARM\PX5\Exe\PX5.out --map
#        E:\PX5\new\PX5\EWARM\PX5\List\PX5.map --config
#        E:\PX5\new\PX5\EWARM/stm32f070xb_flash.icf --semihosting --entry
#        __iar_program_start --vfe
#
###############################################################################

*******************************************************************************
*** RUNTIME MODEL ATTRIBUTES
***

CppFlavor                     = *
__Heap_Handler                = Basic
__SystemLibrary               = DLib
__dlib_dynamic_initialization = normal


*******************************************************************************
*** PLACEMENT SUMMARY
***

"A0":  place at 0x08000000 { ro section .intvec };
"P1":  place in [from 0x08000000 to 0x0801ffff] { ro };
"P2":  place in [from 0x20000000 to 0x20003fff] { rw, block CSTACK, block HEAP };
initialize by copy { rw };

  Section             Kind        Address    Size  Object
  -------             ----        -------    ----  ------
"A0":                                        0xc0
  .intvec             ro code  0x08000000    0xc0  startup_stm32f070xb.o [1]
                             - 0x080000c0    0xc0

"P1":                                      0x406d
  .text               ro code  0x080000c0  0x12b2  xprintffull.o [3]
  .text               ro code  0x08001372    0x1c  xmbtowc.o [3]
  .text               ro code  0x0800138e    0x14  strchr.o [5]
  .text               ro code  0x080013a2    0x10  strlen.o [5]
  .text               ro code  0x080013b2    0x18  memchr.o [5]
  .text               ro code  0x080013ca     0xa  xmbcurmax.o [3]
  .text               ro code  0x080013d4    0xb8  xxmemxmalloc.o [3]
  .text               ro code  0x0800148c    0x18  xwctomb.o [3]
  .text               ro code  0x080014a4    0x5c  ABImemcpy.o [5]
  .text               ro code  0x08001500    0x88  xxmemxfree.o [3]
  .text               ro code  0x08001588    0x6a  I64DivMod.o [5]
  .text               ro code  0x080015f2    0x32  DblCmpLe.o [4]
  .text               ro code  0x08001624    0x32  DblCmpGe.o [4]
  .text               ro code  0x08001656     0x2  startup_stm32f070xb.o [1]
  .text               ro code  0x08001658    0x80  xdscale.o [4]
  .text               ro code  0x080016d8    0x52  DblToI32.o [4]
  .text               ro code  0x0800172a     0x2  startup_stm32f070xb.o [1]
  .text               ro code  0x0800172c    0x34  I32ToDbl.o [4]
  .text               ro code  0x08001760   0x1a8  DblAddSub.o [4]
  .text               ro code  0x08001908    0xe0  I32DivModFast.o [5]
  .text               ro code  0x080019e8   0x184  DblMul.o [4]
  .text               ro code  0x08001b6c    0xc2  DblDiv.o [4]
  .text               ro code  0x08001c2e     0x2  startup_stm32f070xb.o [1]
  .text               ro code  0x08001c30    0x68  localeconv.o [3]
  .text               ro code  0x08001c98    0x20  div.o [3]
  .text               ro code  0x08001cb8    0x14  setlocale.o [3]
  .text               ro code  0x08001ccc    0x50  xencoding_sb.o [3]
  .text               ro code  0x08001d1c    0x2c  xgetmemchunk.o [3]
  .text               ro code  0x08001d48     0x2  I64DivZer.o [5]
  .text               ro code  0x08001d4a     0x2  startup_stm32f070xb.o [1]
  .text               ro code  0x08001d4c     0x2  IntDivZer.o [5]
  .text               ro code  0x08001d4e     0x2  xtls.o [3]
  .text               ro code  0x08001d50   0x6b8  stm32f0xx_hal_uart.o [1]
  .text               ro code  0x08002408   0x148  stm32f0xx_hal_msp.o [1]
  .text               ro code  0x08002550     0xc  stm32f0xx_hal.o [1]
  .text               ro code  0x0800255c    0x4c  stm32f0xx_hal_dma.o [1]
  .text               ro code  0x080025a8     0x2  stm32f0xx_hal_uart.o [1]
  .text               ro code  0x080025aa     0x2  startup_stm32f070xb.o [1]
  .text               ro code  0x080025ac   0x540  stm32f0xx_hal_rcc.o [1]
  .text               ro code  0x08002aec     0x2  stm32f0xx_hal_uart.o [1]
  .text               ro code  0x08002aee     0x2  startup_stm32f070xb.o [1]
  .text               ro code  0x08002af0    0xc2  stm32f0xx_it.o [1]
  .text               ro code  0x08002bb2     0x2  startup_stm32f070xb.o [1]
  .text               ro code  0x08002bb4    0xa4  stm32f0xx_hal_cortex.o [1]
  .text               ro code  0x08002c58   0x1da  stm32f0xx_hal_gpio.o [1]
  .text               ro code  0x08002e32    0x24  stm32f0xx_hal.o [1]
  .text               ro code  0x08002e56     0x2  startup_stm32f070xb.o [1]
  .text               ro code  0x08002e58    0x10  stm32f0xx_hal.o [1]
  .text               ro code  0x08002e68   0x658  main.o [1]
  .text               ro code  0x080034c0   0x14c  stm32f0xx_hal_flash.o [1]
  .text               ro code  0x0800360c    0xdc  stm32f0xx_hal_flash_ex.o [1]
  .text               ro code  0x080036e8    0x20  stm32f0xx_hal.o [1]
  .text               ro code  0x08003708   0x5ce  stm32f0xx_hal_tim.o [1]
  .text               ro code  0x08003cd6     0x2  startup_stm32f070xb.o [1]
  .text               ro code  0x08003cd8    0x24  printf.o [3]
  .text               ro code  0x08003cfc   0x110  stm32f0xx_hal_rcc_ex.o [1]
  .text               ro code  0x08003e0c    0xc0  stm32f0xx_hal_tim_ex.o [1]
  .text               ro code  0x08003ecc    0x1e  U64Shr.o [5]
  .text               ro code  0x08003eea     0x2  stm32f0xx_hal_tim.o [1]
  .text               ro code  0x08003eec     0x2  stm32f0xx_hal_tim.o [1]
  .text               ro code  0x08003eee     0x2  startup_stm32f070xb.o [1]
  .text               ro code  0x08003ef0    0x78  system_stm32f0xx.o [1]
  .text               ro code  0x08003f68    0x3c  zero_init3.o [5]
  .text               ro code  0x08003fa4    0x3c  packbits_init_single.o [5]
  .rodata             const    0x08003fe0    0x28  xprintffull.o [3]
  .text               ro code  0x08004008    0x28  data_init.o [5]
  .iar.init_table     const    0x08004030    0x20  - Linker created -
  .text               ro code  0x08004050    0x1a  cmain.o [5]
  .text               ro code  0x0800406a     0x4  low_level_init.o [3]
  .text               ro code  0x0800406e     0x8  exit.o [3]
  .text               ro code  0x08004076     0x2  startup_stm32f070xb.o [1]
  .text               ro code  0x08004078     0xa  cexit.o [5]
  .text               ro code  0x08004082     0x2  startup_stm32f070xb.o [1]
  .text               ro code  0x08004084    0x14  exit.o [6]
  .text               ro code  0x08004098    0x16  xprout.o [3]
  .text               ro code  0x080040ae     0x2  startup_stm32f070xb.o [1]
  .text               ro code  0x080040b0    0x10  putchar.o [3]
  .text               ro code  0x080040c0    0x10  startup_stm32f070xb.o [1]
  .text               ro code  0x080040d0     0xc  cstartup_M.o [5]
  .rodata             const    0x080040dc     0x8  system_stm32f0xx.o [1]
  .text               ro code  0x080040e4     0x2  startup_stm32f070xb.o [1]
  .text               ro code  0x080040e6     0x2  startup_stm32f070xb.o [1]
  .text               ro code  0x080040e8     0x2  startup_stm32f070xb.o [1]
  .text               ro code  0x080040ea     0x2  startup_stm32f070xb.o [1]
  .text               ro code  0x080040ec     0x2  startup_stm32f070xb.o [1]
  .text               ro code  0x080040ee     0x2  startup_stm32f070xb.o [1]
  .text               ro code  0x080040f0     0x2  startup_stm32f070xb.o [1]
  .text               ro code  0x080040f2     0x2  startup_stm32f070xb.o [1]
  .text               ro code  0x080040f4     0x2  startup_stm32f070xb.o [1]
  .text               ro code  0x080040f6     0x2  startup_stm32f070xb.o [1]
  .text               ro code  0x080040f8     0x2  startup_stm32f070xb.o [1]
  .text               ro code  0x080040fa     0x2  startup_stm32f070xb.o [1]
  .rodata             const    0x080040fc     0x0  zero_init3.o [5]
  .rodata             const    0x080040fc     0x0  packbits_init_single.o [5]
  Initializer bytes   const    0x080040fc    0x31  <for P2-1>
                             - 0x0800412d  0x406d

"P2", part 1 of 3:                          0x140
  P2-1                         0x20000000   0x140  <Init block>
    .data             inited   0x20000000     0x4  system_stm32f0xx.o [1]
    .data             inited   0x20000004    0x40  xfiles.o [3]
    __DLIB_PERTHREAD  inited   0x20000044    0x88  localeconv.o [3]
    __DLIB_PERTHREAD  inited   0x200000cc    0x74  setlocale.o [3]
                             - 0x20000140   0x140

"P2", part 2 of 3:                          0x600
  CSTACK                       0x20000140   0x400  <Block>
    CSTACK            uninit   0x20000140   0x400  <Block tail>
  HEAP                         0x20000540   0x200  <Block>
    HEAP              uninit   0x20000540   0x200  <Block tail>
                             - 0x20000740   0x600

"P2", part 3 of 3:                          0x250
  .bss                zero     0x20000740   0x128  main.o [1]
  .bss                zero     0x20000868    0x50  xfiles.o [3]
  .bss                zero     0x200008b8    0x40  main.o [1]
  .bss                zero     0x200008f8    0x40  main.o [1]
  .bss                zero     0x20000938    0x24  stm32f0xx_it.o [1]
  .bss                zero     0x2000095c     0x4  stm32f0xx_hal.o [1]
  .bss                zero     0x20000960    0x20  stm32f0xx_hal_flash.o [1]
  .bss                zero     0x20000980     0x8  xxmemxmalloc.o [3]
  .bss                zero     0x20000988     0x4  stm32f0xx_it.o [1]
  .bss                zero     0x2000098c     0x4  xgetmemchunk.o [3]
                             - 0x20000990   0x250


*******************************************************************************
*** INIT TABLE
***

          Address     Size
          -------     ----
Zero (__iar_zero_init3)
    1 destination range, total size 0x250:
          0x20000740  0x250

Copy/packbits (__iar_packbits_init_single3)
    1 source range, total size 0x31 (15% of destination):
          0x080040fc   0x31
    1 destination range, total size 0x140:
          0x20000000  0x140



*******************************************************************************
*** MODULE SUMMARY
***

    Module                    ro code  ro data  rw data
    ------                    -------  -------  -------
E:\PX5\new\PX5\EWARM\PX5\Obj: [1]
    main.o                      1 624               424
    startup_stm32f070xb.o         258
    stm32f0xx_hal.o                96                 4
    stm32f0xx_hal_cortex.o        164
    stm32f0xx_hal_dma.o            76
    stm32f0xx_hal_flash.o         332                32
    stm32f0xx_hal_flash_ex.o      220
    stm32f0xx_hal_gpio.o          474
    stm32f0xx_hal_msp.o           328
    stm32f0xx_hal_rcc.o         1 344
    stm32f0xx_hal_rcc_ex.o        272
    stm32f0xx_hal_tim.o         1 490
    stm32f0xx_hal_tim_ex.o        192
    stm32f0xx_hal_uart.o        1 724
    stm32f0xx_it.o                194                40
    system_stm32f0xx.o            120        8        4
    ---------------------------------------------------
    Total:                      8 908        8      504

command line: [2]
    ---------------------------------------------------
    Total:

dl6M_tlf.a: [3]
    div.o                          32
    exit.o                          8
    localeconv.o                  104       21      136
    low_level_init.o                4
    printf.o                       36
    putchar.o                      16
    setlocale.o                    20       18      116
    xencoding_sb.o                 80
    xfiles.o                                10      144
    xgetmemchunk.o                 44                 4
    xmbcurmax.o                    10
    xmbtowc.o                      28
    xprintffull.o               4 786       40
    xprout.o                       22
    xtls.o                          2
    xwctomb.o                      24
    xxmemxfree.o                  136
    xxmemxmalloc.o                184                 8
    ---------------------------------------------------
    Total:                      5 536       89      408

m6M_tl.a: [4]
    DblAddSub.o                   424
    DblCmpGe.o                     50
    DblCmpLe.o                     50
    DblDiv.o                      194
    DblMul.o                      388
    DblToI32.o                     82
    I32ToDbl.o                     52
    xdscale.o                     128
    ---------------------------------------------------
    Total:                      1 368

rt6M_tl.a: [5]
    ABImemcpy.o                    92
    I32DivModFast.o               224
    I64DivMod.o                   106
    I64DivZer.o                     2
    IntDivZer.o                     2
    U64Shr.o                       30
    cexit.o                        10
    cmain.o                        26
    cstartup_M.o                   12
    data_init.o                    40
    memchr.o                       24
    packbits_init_single.o         60
    strchr.o                       20
    strlen.o                       16
    zero_init3.o                   60
    ---------------------------------------------------
    Total:                        724

shb_l.a: [6]
    exit.o                         20
    ---------------------------------------------------
    Total:                         20

    Linker created                          32    1 536
-------------------------------------------------------
    Grand Total:               16 556      129    2 448


*******************************************************************************
*** ENTRY LIST
***

Entry                      Address   Size  Type      Object
-----                      -------   ----  ----      ------
.iar.init_table$$Base   0x08004030          --   Gb  - Linker created -
.iar.init_table$$Limit  0x08004050          --   Gb  - Linker created -
?main                   0x08004051         Code  Gb  cmain.o [5]
AHBPrescTable           0x08003f58   0x10  Data  Gb  system_stm32f0xx.o [1]
APBPrescTable           0x080040dc    0x8  Data  Gb  system_stm32f0xx.o [1]
CSTACK$$Base            0x20000140          --   Gb  - Linker created -
CSTACK$$Limit           0x20000540          --   Gb  - Linker created -
EXTI2_3_IRQHandler      0x08002ba9    0xa  Code  Gb  stm32f0xx_it.o [1]
FLASH_MassErase         0x0800369f   0x1a  Code  Lc  stm32f0xx_hal_flash_ex.o [1]
FLASH_PageErase         0x080036c5   0x1c  Code  Gb  stm32f0xx_hal_flash_ex.o [1]
FLASH_Program_HalfWord  0x08003553   0x16  Code  Lc  stm32f0xx_hal_flash.o [1]
FLASH_SetErrorCode      0x080035bd   0x34  Code  Lc  stm32f0xx_hal_flash.o [1]
FLASH_WaitForLastOperation
                        0x08003569   0x4e  Code  Gb  stm32f0xx_hal_flash.o [1]
HAL_DMA_Abort_IT        0x0800255d   0x4c  Code  Gb  stm32f0xx_hal_dma.o [1]
HAL_FLASHEx_Erase       0x0800360d   0x92  Code  Gb  stm32f0xx_hal_flash_ex.o [1]
HAL_FLASH_Lock          0x08003539    0xe  Code  Gb  stm32f0xx_hal_flash.o [1]
HAL_FLASH_Program       0x080034c1   0x6a  Code  Gb  stm32f0xx_hal_flash.o [1]
HAL_FLASH_Unlock        0x0800352b    0xe  Code  Gb  stm32f0xx_hal_flash.o [1]
HAL_GPIO_EXTI_Callback  0x08002e31    0x2  Code  Wk  stm32f0xx_hal_gpio.o [1]
HAL_GPIO_EXTI_IRQHandler
                        0x08002dff   0x14  Code  Gb  stm32f0xx_hal_gpio.o [1]
HAL_GPIO_Init           0x08002c59  0x18e  Code  Gb  stm32f0xx_hal_gpio.o [1]
HAL_GPIO_ReadPin        0x08002de7    0xc  Code  Gb  stm32f0xx_hal_gpio.o [1]
HAL_GPIO_WritePin       0x08002df3    0xc  Code  Gb  stm32f0xx_hal_gpio.o [1]
HAL_GetTick             0x08002551    0xc  Code  Wk  stm32f0xx_hal.o [1]
HAL_IncTick             0x08002e59   0x10  Code  Wk  stm32f0xx_hal.o [1]
HAL_Init                0x080036e9   0x1a  Code  Gb  stm32f0xx_hal.o [1]
HAL_InitTick            0x08002e33   0x24  Code  Wk  stm32f0xx_hal.o [1]
HAL_MspInit             0x08002409   0x4c  Code  Gb  stm32f0xx_hal_msp.o [1]
HAL_NVIC_EnableIRQ      0x08002bf1    0xe  Code  Gb  stm32f0xx_hal_cortex.o [1]
HAL_NVIC_SetPriority    0x08002be9    0x8  Code  Gb  stm32f0xx_hal_cortex.o [1]
HAL_RCCEx_PeriphCLKConfig
                        0x08003cfd   0xf8  Code  Gb  stm32f0xx_hal_rcc_ex.o [1]
HAL_RCC_ClockConfig     0x08002915  0x126  Code  Gb  stm32f0xx_hal_rcc.o [1]
HAL_RCC_GetHCLKFreq     0x08002a8b    0x6  Code  Gb  stm32f0xx_hal_rcc.o [1]
HAL_RCC_GetPCLK1Freq    0x08002a91   0x14  Code  Gb  stm32f0xx_hal_rcc.o [1]
HAL_RCC_GetSysClockFreq
                        0x08002a45   0x46  Code  Gb  stm32f0xx_hal_rcc.o [1]
HAL_RCC_OscConfig       0x080025ad  0x362  Code  Gb  stm32f0xx_hal_rcc.o [1]
HAL_SYSTICK_CLKSourceConfig
                        0x08002c27   0x18  Code  Gb  stm32f0xx_hal_cortex.o [1]
HAL_SYSTICK_Callback    0x08002b05   0x20  Code  Gb  stm32f0xx_it.o [1]
HAL_SYSTICK_Config      0x08002bff   0x28  Code  Gb  stm32f0xx_hal_cortex.o [1]
HAL_SYSTICK_IRQHandler  0x08002c51    0x8  Code  Gb  stm32f0xx_hal_cortex.o [1]
HAL_TIMEx_ConfigBreakDeadTime
                        0x08003e51   0x74  Code  Gb  stm32f0xx_hal_tim_ex.o [1]
HAL_TIMEx_MasterConfigSynchronization
                        0x08003e0d   0x42  Code  Gb  stm32f0xx_hal_tim_ex.o [1]
HAL_TIM_Base_Init       0x08003709   0x1e  Code  Gb  stm32f0xx_hal_tim.o [1]
HAL_TIM_Base_MspInit    0x08002455   0x32  Code  Gb  stm32f0xx_hal_msp.o [1]
HAL_TIM_ConfigClockSource
                        0x08003925   0xcc  Code  Gb  stm32f0xx_hal_tim.o [1]
HAL_TIM_MspPostInit     0x08002487   0x56  Code  Gb  stm32f0xx_hal_msp.o [1]
HAL_TIM_OC_ConfigChannel
                        0x080037f9   0x50  Code  Gb  stm32f0xx_hal_tim.o [1]
HAL_TIM_OC_Init         0x08003727   0x1c  Code  Gb  stm32f0xx_hal_tim.o [1]
HAL_TIM_OC_MspInit      0x08003eeb    0x2  Code  Wk  stm32f0xx_hal_tim.o [1]
HAL_TIM_PWM_ConfigChannel
                        0x08003849   0xd8  Code  Gb  stm32f0xx_hal_tim.o [1]
HAL_TIM_PWM_Init        0x08003757   0x1e  Code  Gb  stm32f0xx_hal_tim.o [1]
HAL_TIM_PWM_MspInit     0x08003eed    0x2  Code  Wk  stm32f0xx_hal_tim.o [1]
HAL_TIM_PWM_Start       0x08003775    0x6  Code  Gb  stm32f0xx_hal_tim.o [1]
HAL_UART_ErrorCallback  0x080025a9    0x2  Code  Wk  stm32f0xx_hal_uart.o [1]
HAL_UART_IRQHandler     0x08001f1d  0x10e  Code  Gb  stm32f0xx_hal_uart.o [1]
HAL_UART_Init           0x08001d51   0x56  Code  Gb  stm32f0xx_hal_uart.o [1]
HAL_UART_MspInit        0x080024dd   0x5a  Code  Gb  stm32f0xx_hal_msp.o [1]
HAL_UART_Receive_IT     0x08001e85   0x94  Code  Gb  stm32f0xx_hal_uart.o [1]
HAL_UART_RxCpltCallback
                        0x08002b39   0x46  Code  Gb  stm32f0xx_it.o [1]
HAL_UART_Transmit       0x08001db9   0xc6  Code  Gb  stm32f0xx_hal_uart.o [1]
HAL_UART_TxCpltCallback
                        0x08002aed    0x2  Code  Wk  stm32f0xx_hal_uart.o [1]
HEAP$$Base              0x20000540          --   Gb  - Linker created -
HEAP$$Limit             0x20000740          --   Gb  - Linker created -
HardFault_Handler       0x08002af3    0x2  Code  Gb  stm32f0xx_it.o [1]
LoadInt                 0x08000733   0x68  Code  Lc  xprintffull.o [3]
MX_TIM1_Init            0x0800330d   0xc4  Code  Lc  main.o [1]
MX_TIM3_Init            0x080033d9   0xae  Code  Lc  main.o [1]
NMI_Handler             0x08002af1    0x2  Code  Gb  stm32f0xx_it.o [1]
NVIC_SetPriority        0x08002bb5   0x34  Code  Lc  stm32f0xx_hal_cortex.o [1]
PendSV_Handler          0x08002af7    0x2  Code  Gb  stm32f0xx_it.o [1]
Read_Flash              0x08002ea9   0x1a  Code  Gb  main.o [1]
Region$$Table$$Base     0x08004030          --   Gb  - Linker created -
Region$$Table$$Limit    0x08004050          --   Gb  - Linker created -
SVC_Handler             0x08002af5    0x2  Code  Gb  stm32f0xx_it.o [1]
SysTick_Handler         0x08002af9    0xc  Code  Gb  stm32f0xx_it.o [1]
SystemClock_Config      0x0800329d   0x70  Code  Gb  main.o [1]
SystemCoreClock         0x20000000    0x4  Data  Gb  system_stm32f0xx.o [1]
SystemInit              0x08003ef1   0x50  Code  Gb  system_stm32f0xx.o [1]
TIM_Base_SetConfig      0x080039fb   0x70  Code  Gb  stm32f0xx_hal_tim.o [1]
TIM_CCxChannelCmd       0x08003cc1   0x16  Code  Gb  stm32f0xx_hal_tim.o [1]
TIM_ETR_SetConfig       0x08003c77   0x14  Code  Gb  stm32f0xx_hal_tim.o [1]
TIM_ITRx_SetConfig      0x08003c67   0x10  Code  Lc  stm32f0xx_hal_tim.o [1]
TIM_OC1_SetConfig       0x08003a71   0x74  Code  Lc  stm32f0xx_hal_tim.o [1]
TIM_OC2_SetConfig       0x08003ae5   0x68  Code  Gb  stm32f0xx_hal_tim.o [1]
TIM_OC3_SetConfig       0x08003b4d   0x64  Code  Lc  stm32f0xx_hal_tim.o [1]
TIM_OC4_SetConfig       0x08003bb1   0x52  Code  Lc  stm32f0xx_hal_tim.o [1]
TIM_TI1_ConfigInputStage
                        0x08003c21   0x22  Code  Lc  stm32f0xx_hal_tim.o [1]
TIM_TI2_ConfigInputStage
                        0x08003c43   0x24  Code  Lc  stm32f0xx_hal_tim.o [1]
UART_AdvFeatureConfig   0x08002151   0xc8  Code  Gb  stm32f0xx_hal_uart.o [1]
UART_CheckIdleState     0x0800221d   0x12  Code  Gb  stm32f0xx_hal_uart.o [1]
UART_DMAAbortOnError    0x080022f9   0x14  Code  Lc  stm32f0xx_hal_uart.o [1]
UART_EndRxTransfer      0x08002291   0x1c  Code  Lc  stm32f0xx_hal_uart.o [1]
UART_EndTransmit_IT     0x08002371   0x1a  Code  Gb  stm32f0xx_hal_uart.o [1]
UART_Receive_IT         0x0800238b   0x70  Code  Gb  stm32f0xx_hal_uart.o [1]
UART_SetConfig          0x0800202d  0x11e  Code  Gb  stm32f0xx_hal_uart.o [1]
UART_Transmit_IT        0x0800230d   0x64  Code  Gb  stm32f0xx_hal_uart.o [1]
UART_WaitOnFlagUntilTimeout
                        0x0800222f   0x62  Code  Gb  stm32f0xx_hal_uart.o [1]
USART1_IRQHandler       0x08002b25    0xa  Code  Gb  stm32f0xx_it.o [1]
USART2_IRQHandler       0x08002b2f    0xa  Code  Gb  stm32f0xx_it.o [1]
Usart_rx                0x20000938   0x24  Data  Gb  stm32f0xx_it.o [1]
Write_Flash             0x08002e69   0x40  Code  Gb  main.o [1]
_EncodingSb_Mbtowc      0x08001ce1   0x2c  Code  Gb  xencoding_sb.o [3]
_EncodingSb_Mbtowc::initial
                        0x08001d14    0x8  Data  Lc  xencoding_sb.o [3]
_EncodingSb_Wctomb      0x08001ccd   0x14  Code  Gb  xencoding_sb.o [3]
_EncodingSb_Wctomb::initial
                        0x08001d0c    0x8  Data  Lc  xencoding_sb.o [3]
_GenldFull              0x08001069  0x2d6  Code  Lc  xprintffull.o [3]
_IsdstStr               0x200000d0    0x4  Data  Gb  setlocale.o [3]
_LdtobFull              0x08000bf1  0x464  Code  Lc  xprintffull.o [3]
_LitobFull              0x08000ac1  0x12a  Code  Lc  xprintffull.o [3]
_LocaleEncoding         0x08001cb9    0xc  Code  Gb  setlocale.o [3]
_LocaleReturnString     0x200000f0   0x50  Data  Lc  setlocale.o [3]
_Locale_Profile         0x200000d4   0x1c  Data  Gb  setlocale.o [3]
_Locale_aeabi_lconv     0x20000094   0x38  Data  Gb  localeconv.o [3]
_Locale_lconv           0x20000044   0x50  Data  Gb  localeconv.o [3]
_Mbtowc                 0x08001373   0x1c  Code  Gb  xmbtowc.o [3]
_PrintfFull             0x080000c1  0x672  Code  Gb  xprintffull.o [3]
_Prout                  0x08004099   0x16  Code  Gb  xprout.o [3]
_PutcharsFull           0x08001343   0x30  Code  Lc  xprintffull.o [3]
_PutstrFull             0x0800079d  0x324  Code  Lc  xprintffull.o [3]
_TzoneStr               0x200000cc    0x4  Data  Gb  setlocale.o [3]
_Wctomb                 0x0800148d   0x18  Code  Gb  xwctomb.o [3]
__ICFEDIT_region_RAM_end__ {Abs}
                        0x20003fff         Data  Gb  command line/config [2]
__ICFEDIT_region_RAM_start__ {Abs}
                        0x20000000         Data  Gb  command line/config [2]
__aeabi_cdcmple         0x080015f3         Code  Gb  DblCmpLe.o [4]
__aeabi_cdrcmple        0x08001625         Code  Gb  DblCmpGe.o [4]
__aeabi_d2iz            0x080016d9         Code  Gb  DblToI32.o [4]
__aeabi_d2uiz           0x080016fd         Code  Gb  DblToI32.o [4]
__aeabi_ddiv            0x08001b6d         Code  Gb  DblDiv.o [4]
__aeabi_dmul            0x080019e9         Code  Gb  DblMul.o [4]
__aeabi_dsub            0x0800181b         Code  Gb  DblAddSub.o [4]
__aeabi_i2d             0x0800172d         Code  Gb  I32ToDbl.o [4]
__aeabi_idiv            0x08001935         Code  Gb  I32DivModFast.o [5]
__aeabi_idiv0           0x08001d4d         Code  Gb  IntDivZer.o [5]
__aeabi_idivmod         0x08001935         Code  Gb  I32DivModFast.o [5]
__aeabi_ldiv0           0x08001d49         Code  Gb  I64DivZer.o [5]
__aeabi_llsr            0x08003ecd         Code  Gb  U64Shr.o [5]
__aeabi_memcpy          0x080014a5         Code  Gb  ABImemcpy.o [5]
__aeabi_memcpy4         0x080014cd         Code  Wk  ABImemcpy.o [5]
__aeabi_ui2d            0x08001741         Code  Gb  I32ToDbl.o [4]
__aeabi_uidiv           0x0800193b         Code  Gb  I32DivModFast.o [5]
__aeabi_uidivmod        0x0800193b         Code  Gb  I32DivModFast.o [5]
__aeabi_uldivmod        0x08001589         Code  Gb  I64DivMod.o [5]
__cmain                 0x08004051         Code  Gb  cmain.o [5]
__data_Aldata           0x20000980    0x8  Data  Gb  xxmemxmalloc.o [3]
__data_GetMemChunk      0x08001d1d   0x2c  Code  Gb  xgetmemchunk.o [3]
__data_GetMemChunk::start
                        0x2000098c    0x4  Data  Lc  xgetmemchunk.o [3]
__exit                  0x08004085   0x14  Code  Gb  exit.o [6]
__iar_Dscale            0x08001659   0x80  Code  Gb  xdscale.o [4]
__iar_Locale_lconv_init
                        0x08001c31   0x32  Code  Gb  localeconv.o [3]
__iar_Mbcurmax          0x080013cb    0xa  Code  Gb  xmbcurmax.o [3]
__iar_Memchr            0x080013b3   0x18  Code  Gb  memchr.o [5]
__iar_Stdout            0x20000004   0x40  Data  Gb  xfiles.o [3]
__iar_Strchr            0x0800138f   0x14  Code  Gb  strchr.o [5]
__iar_d2uiz             0x08001701         Code  Gb  DblToI32.o [4]
__iar_data_init3        0x08004009   0x28  Code  Gb  data_init.o [5]
__iar_dlib_perthread_access
                        0x08001d4f    0x2  Code  Gb  xtls.o [3]
__iar_packbits_init_single3
                        0x08003fa5   0x3c  Code  Gb  packbits_init_single.o [5]
__iar_program_start     0x080040d1         Code  Gb  cstartup_M.o [5]
__iar_ui2d              0x08001745         Code  Gb  I32ToDbl.o [4]
__iar_zero_init3        0x08003f69   0x3c  Code  Gb  zero_init3.o [5]
__low_level_init        0x0800406b    0x4  Code  Gb  low_level_init.o [3]
__vector_table          0x08000000         Data  Gb  startup_stm32f070xb.o [1]
_call_main              0x0800405d         Code  Gb  cmain.o [5]
_exit                   0x08004079         Code  Gb  cexit.o [5]
_main                   0x08004067         Code  Gb  cmain.o [5]
currentOFF              0x20000741    0x1  Data  Gb  main.o [1]
currentON               0x20000740    0x1  Data  Gb  main.o [1]
div                     0x08001c99   0x20  Code  Gb  div.o [3]
exit                    0x0800406f    0x8  Code  Gb  exit.o [3]
fputc                   0x08002b7f   0x12  Code  Gb  stm32f0xx_it.o [1]
free                    0x08001501   0x82  Code  Gb  xxmemxfree.o [3]
htim1                   0x200008b8   0x40  Data  Gb  main.o [1]
htim3                   0x200008f8   0x40  Data  Gb  main.o [1]
htim6                   0x20000824   0x40  Data  Gb  main.o [1]
huart1                  0x20000744   0x70  Data  Gb  main.o [1]
huart2                  0x200007b4   0x70  Data  Gb  main.o [1]
localeconv              0x08001c63   0x18  Code  Gb  localeconv.o [3]
main                    0x08002ec9  0x35c  Code  Gb  main.o [1]
malloc                  0x080013d5   0xb2  Code  Gb  xxmemxmalloc.o [3]
obuf                    0x20000868   0x50  Data  Lc  xfiles.o [3]
pFlash                  0x20000960   0x20  Data  Gb  stm32f0xx_hal_flash.o [1]
printf                  0x08003cd9   0x24  Code  Gb  printf.o [3]
putchar                 0x080040b1   0x10  Code  Gb  putchar.o [3]
strlen                  0x080013a3   0x10  Code  Gb  strlen.o [5]
time                    0x20000864    0x4  Data  Gb  main.o [1]
uart_rx_flag            0x20000988    0x1  Data  Gb  stm32f0xx_it.o [1]
usart_time              0x2000098a    0x2  Data  Gb  stm32f0xx_it.o [1]
uwTick                  0x2000095c    0x4  Data  Gb  stm32f0xx_hal.o [1]


[1] = E:\PX5\new\PX5\EWARM\PX5\Obj
[2] = command line
[3] = dl6M_tlf.a
[4] = m6M_tl.a
[5] = rt6M_tl.a
[6] = shb_l.a

  16 556 bytes of readonly  code memory
     129 bytes of readonly  data memory
   2 448 bytes of readwrite data memory

Errors: none
Warnings: none
